conda.exe : D:\Anaconda\envs\yolo_torch2.6\Lib\site-packages\transformers\convert_slow_tokenizer.py:566: UserWarning: T
he sentencepiece tokenizer that you are converting to a fast tokenizer uses the byte fallback option which is not imple
mented in the fast tokenizers. In practice this means that the fast version of the tokenizer can produce unknown tokens
 whereas the sentencepiece version would have converted these unknown tokens into a sequence of byte tokens matching th
e original piece of text.
At D:\Anaconda\shell\condabin\Conda.psm1:153 char:17
+ ...             & $Env:CONDA_EXE $Env:_CE_M $Env:_CE_CONDA $Command @Othe ...
+                 ~~~~~~~~~~~~~~~~~~~~~~~~~~~~~~~~~~~~~~~~~~~~~~~~~~~~~~~~~
    + CategoryInfo          : NotSpecified: (D:\Anaconda\env... piece of text.:String) [], RemoteException
    + FullyQualifiedErrorId : NativeCommandError
 
  warnings.warn(
The tokenizer you are loading from 'microsoft/deberta-v3-base' with an incorrect regex pattern: https://huggingface.co/
mistralai/Mistral-Small-3.1-24B-Instruct-2503/discussions/84#69121093e8b480e709447d5e. This will lead to incorrect toke
nization. You should set the `fix_mistral_regex=True` flag when loading this tokenizer to fix this issue.
Using the latest cached version of the dataset since glue couldn't be found on the Hugging Face Hub (offline mode is en
abled).
Found the latest cached dataset configuration 'rte' at datasets\glue\rte\0.0.0\bcdcba79d07bc864c1c254ccfcedcce55bcc9a8c
 (last modified on Fri Apr 17 16:16:06 2026).

Map:   0%|          | 0/277 [00:00<?, ? examples/s]
Map: 100%|██████████| 277/277 [00:00<00:00, 11721.72 examples/s]
Some weights of DebertaV2ForSequenceClassification were not initialized from the model checkpoint at microsoft/deberta-
v3-base and are newly initialized: ['classifier.bias', 'classifier.weight', 'pooler.dense.bias', 'pooler.dense.weight']
You should probably TRAIN this model on a down-stream task to be able to use it for predictions and inference.

[evorank][adaptive] dataset_steps=312 → T_es=500, mini_val_k=4
[evorank][es] step=0 mutation=ExpandMutation delta_val_loss=-0.031708 delta_complexity=+0.00 base_val_loss=0.706851 selected_val_loss=0.675143 base_complexity=0.00 selected_complexity=0.00
[evorank][eval-dist] epoch=1 pred_dist={'0': 254, '1': 23} true_dist={'0': 146, '1': 131} sample_pred=[0, 0, 0, 0, 0, 0, 0, 0] sample_true=[1, 0, 1, 1, 0, 0, 0, 0]
[evorank] epoch=1/1 step=1 val_accuracy=0.4946 best=0.4946
[evorank] === Rank Distribution (epoch=1/1) ===
  layer.0.attention.self.query_proj: r=0
  layer.0.attention.self.key_proj: r=0
  layer.0.attention.self.value_proj: r=0
  layer.0.attention.output.dense: r=0
  layer.0.intermediate.dense: r=0
  layer.0.output.dense: r=1
  layer.1.attention.self.query_proj: r=0
  layer.1.attention.self.key_proj: r=0
  layer.1.attention.self.value_proj: r=0
  layer.1.attention.output.dense: r=0
  layer.1.intermediate.dense: r=0
  layer.1.output.dense: r=0
  layer.2.attention.self.query_proj: r=0
  layer.2.attention.self.key_proj: r=0
  layer.2.attention.self.value_proj: r=0
  layer.2.attention.output.dense: r=0
  layer.2.intermediate.dense: r=0
  layer.2.output.dense: r=0
  layer.3.attention.self.query_proj: r=0
  layer.3.attention.self.key_proj: r=0
  layer.3.attention.self.value_proj: r=0
  layer.3.attention.output.dense: r=0
  layer.3.intermediate.dense: r=0
  layer.3.output.dense: r=0
  layer.4.attention.self.query_proj: r=0
  layer.4.attention.self.key_proj: r=0
  layer.4.attention.self.value_proj: r=0
  layer.4.attention.output.dense: r=0
  layer.4.intermediate.dense: r=0
  layer.4.output.dense: r=0
  layer.5.attention.self.query_proj: r=0
  layer.5.attention.self.key_proj: r=0
  layer.5.attention.self.value_proj: r=0
  layer.5.attention.output.dense: r=0
  layer.5.intermediate.dense: r=0
  layer.5.output.dense: r=0
  layer.6.attention.self.query_proj: r=0
  layer.6.attention.self.key_proj: r=0
  layer.6.attention.self.value_proj: r=0
  layer.6.attention.output.dense: r=0
  layer.6.intermediate.dense: r=0
  layer.6.output.dense: r=0
  layer.7.attention.self.query_proj: r=0
  layer.7.attention.self.key_proj: r=0
  layer.7.attention.self.value_proj: r=0
  layer.7.attention.output.dense: r=0
  layer.7.intermediate.dense: r=0
  layer.7.output.dense: r=0
  layer.8.attention.self.query_proj: r=0
  layer.8.attention.self.key_proj: r=0
  layer.8.attention.self.value_proj: r=0
  layer.8.attention.output.dense: r=0
  layer.8.intermediate.dense: r=0
  layer.8.output.dense: r=0
  layer.9.attention.self.query_proj: r=0
  layer.9.attention.self.key_proj: r=0
  layer.9.attention.self.value_proj: r=0
  layer.9.attention.output.dense: r=0
  layer.9.intermediate.dense: r=0
  layer.9.output.dense: r=0
  layer.10.attention.self.query_proj: r=0
  layer.10.attention.self.key_proj: r=0
  layer.10.attention.self.value_proj: r=0
  layer.10.attention.output.dense: r=0
  layer.10.intermediate.dense: r=0
  layer.10.output.dense: r=0
  layer.11.attention.self.query_proj: r=0
  layer.11.attention.self.key_proj: r=0
  layer.11.attention.self.value_proj: r=0
  layer.11.attention.output.dense: r=0
  layer.11.intermediate.dense: r=0
  layer.11.output.dense: r=0
  avg_rank=0.01  total_active=1/1152
[summary] 验证主指标日志键为 val_accuracy；该值已落入 CSV 对应列。

=== Benchmark Summary ===
task     backbone         seed   method       best_metric  peak_mem_mb  avg_rank   time_sec  
rte      microsoft/deberta-v3-base 0      evorank      0.4946       2200.83      0.0139     4.69      

=== GLUE 论文表格式汇总 (×100%, 与总表列名一致) ===
| Method | # Params | MNLI (m/mm) | SST-2 (Acc) | CoLA (Mcc) | QQP (Acc/F1) | QNLI (Acc) | RTE (Acc) | MRPC (Acc) | STS-B (Corr) | All (Ave.) |
|---|---|---|---|---|---|---|---|---|---|---|---|
| evorank | 2.66M | - | - | - | - | - | 49.46 | - | - | **49.46** |

